******************************************************************************
                  TI ARM Linker PC v20.2.7                     
******************************************************************************
>> Linked Mon Apr  8 10:43:13 2024

OUTPUT FILE NAME:   <lab9.out>
ENTRY POINT SYMBOL: "_c_int00_noargs"  address: 00002649


MEMORY CONFIGURATION

         name            origin    length      used     unused   attr    fill
----------------------  --------  ---------  --------  --------  ----  --------
  FLASH                 00000000   00040000  00002961  0003d69f  R  X
  SRAM                  20000000   00008000  00000ad4  0000752c  RW X


SEGMENT ALLOCATION MAP

run origin  load origin   length   init length attrs members
----------  ----------- ---------- ----------- ----- -------
00000000    00000000    00002968   00002968    r-x
  00000000    00000000    0000026c   0000026c    r-- .intvecs
  0000026c    0000026c    000025ac   000025ac    r-x .text
  00002818    00002818    00000109   00000109    r-- .const
  00002928    00002928    00000040   00000040    r-- .cinit
20000000    20000000    00000ad8   00000000    rw-
  20000000    20000000    0000026c   00000000    rw- .vtable
  20000270    20000270    00000800   00000000    rw- .stack
  20000a70    20000a70    00000058   00000000    rw- .bss
  20000ac8    20000ac8    00000010   00000000    rw- .data


SECTION ALLOCATION MAP

 output                                  attributes/
section   page    origin      length       input sections
--------  ----  ----------  ----------   ----------------
.intvecs   0    00000000    0000026c     
                  00000000    0000026c     tm4c123gh6pm_startup_ccs.obj (.intvecs)

.text      0    0000026c    000025ac     
                  0000026c    00000a4e     rtsv7M4_T_le_v4SPD16_eabi.lib : _printfi.c.obj (.text:__TI_printfi)
                  00000cba    00000002                                   : div0.asm.obj (.text)
                  00000cbc    00000328     lcd.obj (.text)
                  00000fe4    00000270     rtsv7M4_T_le_v4SPD16_eabi.lib : _printfi.c.obj (.text:_pconv_a)
                  00001254    00000248     Timer.obj (.text)
                  0000149c    000001d0     rtsv7M4_T_le_v4SPD16_eabi.lib : _printfi.c.obj (.text:_pconv_g)
                  0000166c    000001b6                                   : fd_add_t2.asm.obj (.text)
                  00001822    00000002     --HOLE-- [fill = 0]
                  00001824    00000154     ping_template.obj (.text)
                  00001978    0000013c     rtsv7M4_T_le_v4SPD16_eabi.lib : _printfi.c.obj (.text:_pconv_e)
                  00001ab4    00000136                                   : fd_div_t2.asm.obj (.text)
                  00001bea    00000002     --HOLE-- [fill = 0]
                  00001bec    00000124                                   : _printfi.c.obj (.text:fcvt)
                  00001d10    00000110                                   : s_scalbn.c.obj (.text:scalbn)
                  00001e20    000000fc                                   : fd_mul_t2.asm.obj (.text)
                  00001f1c    000000b1                                   : _printfi.c.obj (.text:_ltostr)
                  00001fcd    00000001     --HOLE-- [fill = 0]
                  00001fce    0000009c                                   : memcpy_t2.asm.obj (.text)
                  0000206a    00000096                                   : ull_div_t2.asm.obj (.text)
                  00002100    00000086                                   : fd_cmp_t2.asm.obj (.text:__aeabi_cdcmple)
                  00002186    00000086                                   : fd_cmp_t2.asm.obj (.text:__aeabi_cdrcmple)
                  0000220c    0000007a                                   : memset_t2.asm.obj (.text)
                  00002286    0000006e                                   : _printfi.c.obj (.text:_mcpy)
                  000022f4    00000068                                   : copy_decompress_lzss.c.obj (.text:decompress:lzss:__TI_decompress_lzss)
                  0000235c    00000064                                   : s_frexp.c.obj (.text:frexp)
                  000023c0    00000056                                   : _printfi.c.obj (.text:_pconv_f)
                  00002416    00000054                                   : _ltoa.c.obj (.text:__TI_ltoa)
                  0000246a    00000052                                   : _printfi.c.obj (.text:_ecpy)
                  000024bc    0000004c                                   : atoi.c.obj (.text:atoi)
                  00002508    00000048                                   : fd_toi_t2.asm.obj (.text)
                  00002550    00000044                                   : autoinit.c.obj (.text:__TI_auto_init_nobinit_nopinit:__TI_auto_init_nobinit_nopinit)
                  00002594    00000040                                   : vsnprintf.c.obj (.text:vsnprintf)
                  000025d4    0000003e                                   : _printfi.c.obj (.text:_fcpy)
                  00002612    00000002     --HOLE-- [fill = 0]
                  00002614    00000034     driverlib.lib : interrupt.obj (.text:IntRegister)
                  00002648    00000034     rtsv7M4_T_le_v4SPD16_eabi.lib : boot_cortex_m.c.obj (.text:_c_int00_noargs:_c_int00_noargs)
                  0000267c    00000030                                   : vsnprintf.c.obj (.text:_outs)
                  000026ac    0000002e                                   : i_tofd_t2.asm.obj (.text)
                  000026da    0000001c                                   : copy_zero_init.c.obj (.text:decompress:ZI:__TI_zero_init_nomemset:__TI_zero_init_nomemset)
                  000026f6    0000001c                                   : memccpy.c.obj (.text:memccpy)
                  00002712    0000001a                                   : s_copysign.c.obj (.text:copysign)
                  0000272c    00000018                                   : vsnprintf.c.obj (.text:_outc)
                  00002744    00000018                                   : strcmp.c.obj (.text:strcmp)
                  0000275c    00000016                                   : strchr.c.obj (.text:strchr)
                  00002772    00000014     lab9_template.obj (.text)
                  00002786    00000014     rtsv7M4_T_le_v4SPD16_eabi.lib : strcpy.c.obj (.text:strcpy)
                  0000279a    00000014                                   : strlen.c.obj (.text:strlen)
                  000027ae    00000012                                   : wcslen.c.obj (.text:wcslen)
                  000027c0    00000010     driverlib.lib : interrupt.obj (.text:IntMasterEnable)
                  000027d0    00000010     lcd.obj (.text:lcd_clear)
                  000027e0    0000000e     rtsv7M4_T_le_v4SPD16_eabi.lib : copy_decompress_none.c.obj (.text:decompress:none:__TI_decompress_none)
                  000027ee    0000000c     driverlib.lib : cpu.obj (.text:CPUcpsie)
                  000027fa    0000000c     tm4c123gh6pm_startup_ccs.obj (.text)
                  00002806    00000002     --HOLE-- [fill = 0]
                  00002808    00000008     rtsv7M4_T_le_v4SPD16_eabi.lib : errno.c.obj (.text:__aeabi_errno_addr)
                  00002810    00000004                                   : pre_init.c.obj (.text:_system_pre_init)
                  00002814    00000004                                   : exit.c.obj (.text:abort:abort)

.const     0    00002818    00000109     
                  00002818    00000101     rtsv7M4_T_le_v4SPD16_eabi.lib : ctype.c.obj (.const:.string:_ctypes_)
                  00002919    00000004     lcd.obj (.const:.string:lineAddress$1)
                  0000291d    00000004     lcd.obj (.const:.string:lineAddresses$2)

.cinit     0    00002928    00000040     
                  00002928    0000000c     (__TI_handler_table)
                  00002934    00000004     --HOLE-- [fill = 0]
                  00002938    00000008     (.cinit..bss.load) [load image, compression = zero_init]
                  00002940    00000008     (.cinit..vtable.load) [load image, compression = zero_init]
                  00002948    00000007     (.cinit..data.load) [load image, compression = lzss]
                  0000294f    00000001     --HOLE-- [fill = 0]
                  00002950    00000018     (__TI_cinit_table)

.init_array 
*          0    00000000    00000000     UNINITIALIZED

.vtable    0    20000000    0000026c     UNINITIALIZED
                  20000000    0000026c     driverlib.lib : interrupt.obj (.vtable)

.bss       0    20000a70    00000058     UNINITIALIZED
                  20000a70    00000054     lcd.obj (.bss:lastbuffer$3)
                  20000ac4    00000004     (.common:_timeout_ticks)

.data      0    20000ac8    00000010     UNINITIALIZED
                  20000ac8    00000009     ping_template.obj (.data)
                  20000ad1    00000001     Timer.obj (.data)
                  20000ad2    00000002     --HOLE--
                  20000ad4    00000004     rtsv7M4_T_le_v4SPD16_eabi.lib : errno.c.obj (.data)

.stack     0    20000270    00000800     UNINITIALIZED
                  20000270    00000004     rtsv7M4_T_le_v4SPD16_eabi.lib : boot_cortex_m.c.obj (.stack)
                  20000274    000007fc     --HOLE--

__llvm_prf_cnts 
*          0    20000000    00000000     UNINITIALIZED

MODULE SUMMARY

       Module                         code   ro data   rw data
       ------                         ----   -------   -------
    .\
       lcd.obj                        824    8         84     
       tm4c123gh6pm_startup_ccs.obj   12     620       0      
       Timer.obj                      584    0         5      
       ping_template.obj              340    0         9      
       lab9_template.obj              20     0         0      
    +--+------------------------------+------+---------+---------+
       Total:                         1780   628       98     
                                                              
    C:/ti/TivaWare_C_Series-2.2.0.295/driverlib/ccs/Debug/driverlib.lib
       interrupt.obj                  68     0         620    
       cpu.obj                        12     0         0      
    +--+------------------------------+------+---------+---------+
       Total:                         80     0         620    
                                                              
    C:\ti\ccs1230\ccs\tools\compiler\ti-cgt-arm_20.2.7.LTS\lib\rtsv7M4_T_le_v4SPD16_eabi.lib
       _printfi.c.obj                 4851   0         0      
       fd_add_t2.asm.obj              438    0         0      
       fd_div_t2.asm.obj              310    0         0      
       s_scalbn.c.obj                 272    0         0      
       fd_cmp_t2.asm.obj              268    0         0      
       ctype.c.obj                    0      257       0      
       fd_mul_t2.asm.obj              252    0         0      
       memcpy_t2.asm.obj              156    0         0      
       ull_div_t2.asm.obj             150    0         0      
       vsnprintf.c.obj                136    0         0      
       memset_t2.asm.obj              122    0         0      
       copy_decompress_lzss.c.obj     104    0         0      
       s_frexp.c.obj                  100    0         0      
       _ltoa.c.obj                    84     0         0      
       atoi.c.obj                     76     0         0      
       fd_toi_t2.asm.obj              72     0         0      
       autoinit.c.obj                 68     0         0      
       boot_cortex_m.c.obj            52     0         0      
       i_tofd_t2.asm.obj              46     0         0      
       copy_zero_init.c.obj           28     0         0      
       memccpy.c.obj                  28     0         0      
       s_copysign.c.obj               26     0         0      
       strcmp.c.obj                   24     0         0      
       strchr.c.obj                   22     0         0      
       strcpy.c.obj                   20     0         0      
       strlen.c.obj                   20     0         0      
       wcslen.c.obj                   18     0         0      
       copy_decompress_none.c.obj     14     0         0      
       errno.c.obj                    8      0         4      
       exit.c.obj                     4      0         0      
       pre_init.c.obj                 4      0         0      
       div0.asm.obj                   2      0         0      
    +--+------------------------------+------+---------+---------+
       Total:                         7775   257       4      
                                                              
       Stack:                         0      0         2048   
       Linker Generated:              0      59        0      
    +--+------------------------------+------+---------+---------+
       Grand Total:                   9635   944       2770   


LINKER GENERATED COPY TABLES

__TI_cinit_table @ 00002950 records: 3, size/record: 8, table size: 24
	.bss: load addr=00002938, load size=00000008 bytes, run addr=20000a70, run size=00000058 bytes, compression=zero_init
	.vtable: load addr=00002940, load size=00000008 bytes, run addr=20000000, run size=0000026c bytes, compression=zero_init
	.data: load addr=00002948, load size=00000007 bytes, run addr=20000ac8, run size=00000010 bytes, compression=lzss


LINKER GENERATED HANDLER TABLE

__TI_handler_table @ 00002928 records: 3, size/record: 4, table size: 12
	index: 0, handler: __TI_zero_init
	index: 1, handler: __TI_decompress_lzss
	index: 2, handler: __TI_decompress_none


GLOBAL SYMBOLS: SORTED ALPHABETICALLY BY Name 

address   name                          
-------   ----                          
00002815  C$$EXIT                       
000027ef  CPUcpsie                      
20000acc  END_TIME                      
000027c1  IntMasterEnable               
00002615  IntRegister                   
000027fb  ResetISR                      
20000ac8  START_TIME                    
20000ad0  STATE                         
00001913  TIMER3B_Handler               
20000a70  __STACK_END                   
00000800  __STACK_SIZE                  
20000470  __STACK_TOP                   
00002950  __TI_CINIT_Base               
00002968  __TI_CINIT_Limit              
00002928  __TI_Handler_Table_Base       
00002934  __TI_Handler_Table_Limit      
00002551  __TI_auto_init_nobinit_nopinit
000022f5  __TI_decompress_lzss          
000027e1  __TI_decompress_none          
00002417  __TI_ltoa                     
ffffffff  __TI_pprof_out_hndl           
0000026d  __TI_printfi                  
ffffffff  __TI_prof_data_size           
ffffffff  __TI_prof_data_start          
00000000  __TI_static_base__            
000026db  __TI_zero_init_nomemset       
00002101  __aeabi_cdcmpeq               
00002101  __aeabi_cdcmple               
00002187  __aeabi_cdrcmple              
00002509  __aeabi_d2iz                  
00001677  __aeabi_dadd                  
00001ab5  __aeabi_ddiv                  
00001e21  __aeabi_dmul                  
0000166d  __aeabi_dsub                  
00002809  __aeabi_errno_addr            
000026ad  __aeabi_i2d                   
00000cbb  __aeabi_idiv0                 
00000cbb  __aeabi_ldiv0                 
0000220d  __aeabi_memclr                
0000220d  __aeabi_memclr4               
0000220d  __aeabi_memclr8               
00001fcf  __aeabi_memcpy                
00001fcf  __aeabi_memcpy4               
00001fcf  __aeabi_memcpy8               
0000220f  __aeabi_memset                
0000220f  __aeabi_memset4               
0000220f  __aeabi_memset8               
0000206b  __aeabi_uldivmod              
ffffffff  __binit__                     
ffffffff  __c_args__                    
UNDEFED   __mpu_init                    
20000270  __stack                       
20000000  __start___llvm_prf_cnts       
20000000  __stop___llvm_prf_cnts        
00002649  _c_int00_noargs               
00002818  _ctypes_                      
20000ad1  _running                      
UNDEFED   _system_post_cinit            
00002811  _system_pre_init              
20000ac4  _timeout_ticks                
00002815  abort                         
000024bd  atoi                          
ffffffff  binit                         
00002713  copysign                      
00002713  copysignl                     
20000ad4  errno                         
0000235d  frexp                         
0000235d  frexpl                        
20000000  g_pfnRAMVectors               
00000000  g_pfnVectors                  
000027d1  lcd_clear                     
00000e91  lcd_gotoLine                  
00000cf9  lcd_init                      
00000ef7  lcd_printf                    
00000db9  lcd_putc                      
00000df1  lcd_puts                      
00000cbd  lcd_reverseNibble             
00000e0f  lcd_sendCommand               
00000e4d  lcd_sendNibble                
00000eb9  lcd_setCursorPos              
00001d11  ldexp                         
00001d11  ldexpl                        
00002773  main                          
000026f7  memccpy                       
00001fcf  memcpy                        
00002215  memset                        
0000192f  ping_getDistance              
00001825  ping_init                     
0000189b  ping_trigger                  
00001d11  scalbn                        
00001d11  scalbnl                       
0000275d  strchr                        
00002745  strcmp                        
00002787  strcpy                        
0000279b  strlen                        
00001373  timer_getMicros               
0000131b  timer_getMillis               
00001255  timer_init                    
000012f7  timer_pause                   
00001309  timer_resume                  
000012cd  timer_stop                    
000013cd  timer_waitMicros              
000013ff  timer_waitMillis              
00002595  vsnprintf                     
000027af  wcslen                        


GLOBAL SYMBOLS: SORTED BY Symbol Address 

address   name                          
-------   ----                          
00000000  __TI_static_base__            
00000000  g_pfnVectors                  
0000026d  __TI_printfi                  
00000800  __STACK_SIZE                  
00000cbb  __aeabi_idiv0                 
00000cbb  __aeabi_ldiv0                 
00000cbd  lcd_reverseNibble             
00000cf9  lcd_init                      
00000db9  lcd_putc                      
00000df1  lcd_puts                      
00000e0f  lcd_sendCommand               
00000e4d  lcd_sendNibble                
00000e91  lcd_gotoLine                  
00000eb9  lcd_setCursorPos              
00000ef7  lcd_printf                    
00001255  timer_init                    
000012cd  timer_stop                    
000012f7  timer_pause                   
00001309  timer_resume                  
0000131b  timer_getMillis               
00001373  timer_getMicros               
000013cd  timer_waitMicros              
000013ff  timer_waitMillis              
0000166d  __aeabi_dsub                  
00001677  __aeabi_dadd                  
00001825  ping_init                     
0000189b  ping_trigger                  
00001913  TIMER3B_Handler               
0000192f  ping_getDistance              
00001ab5  __aeabi_ddiv                  
00001d11  ldexp                         
00001d11  ldexpl                        
00001d11  scalbn                        
00001d11  scalbnl                       
00001e21  __aeabi_dmul                  
00001fcf  __aeabi_memcpy                
00001fcf  __aeabi_memcpy4               
00001fcf  __aeabi_memcpy8               
00001fcf  memcpy                        
0000206b  __aeabi_uldivmod              
00002101  __aeabi_cdcmpeq               
00002101  __aeabi_cdcmple               
00002187  __aeabi_cdrcmple              
0000220d  __aeabi_memclr                
0000220d  __aeabi_memclr4               
0000220d  __aeabi_memclr8               
0000220f  __aeabi_memset                
0000220f  __aeabi_memset4               
0000220f  __aeabi_memset8               
00002215  memset                        
000022f5  __TI_decompress_lzss          
0000235d  frexp                         
0000235d  frexpl                        
00002417  __TI_ltoa                     
000024bd  atoi                          
00002509  __aeabi_d2iz                  
00002551  __TI_auto_init_nobinit_nopinit
00002595  vsnprintf                     
00002615  IntRegister                   
00002649  _c_int00_noargs               
000026ad  __aeabi_i2d                   
000026db  __TI_zero_init_nomemset       
000026f7  memccpy                       
00002713  copysign                      
00002713  copysignl                     
00002745  strcmp                        
0000275d  strchr                        
00002773  main                          
00002787  strcpy                        
0000279b  strlen                        
000027af  wcslen                        
000027c1  IntMasterEnable               
000027d1  lcd_clear                     
000027e1  __TI_decompress_none          
000027ef  CPUcpsie                      
000027fb  ResetISR                      
00002809  __aeabi_errno_addr            
00002811  _system_pre_init              
00002815  C$$EXIT                       
00002815  abort                         
00002818  _ctypes_                      
00002928  __TI_Handler_Table_Base       
00002934  __TI_Handler_Table_Limit      
00002950  __TI_CINIT_Base               
00002968  __TI_CINIT_Limit              
20000000  __start___llvm_prf_cnts       
20000000  __stop___llvm_prf_cnts        
20000000  g_pfnRAMVectors               
20000270  __stack                       
20000470  __STACK_TOP                   
20000a70  __STACK_END                   
20000ac4  _timeout_ticks                
20000ac8  START_TIME                    
20000acc  END_TIME                      
20000ad0  STATE                         
20000ad1  _running                      
20000ad4  errno                         
ffffffff  __TI_pprof_out_hndl           
ffffffff  __TI_prof_data_size           
ffffffff  __TI_prof_data_start          
ffffffff  __binit__                     
ffffffff  __c_args__                    
ffffffff  binit                         
UNDEFED   __mpu_init                    
UNDEFED   _system_post_cinit            

[105 symbols]
