******************************************************************************
                  TI ARM Linker PC v20.2.7                     
******************************************************************************
>> Linked Mon Apr 15 13:28:26 2024

OUTPUT FILE NAME:   <lab10.out>
ENTRY POINT SYMBOL: "_c_int00_noargs"  address: 000026c1


MEMORY CONFIGURATION

         name            origin    length      used     unused   attr    fill
----------------------  --------  ---------  --------  --------  ----  --------
  FLASH                 00000000   00040000  000029d5  0003d62b  R  X
  SRAM                  20000000   00008000  00000aca  00007536  RW X


SEGMENT ALLOCATION MAP

run origin  load origin   length   init length attrs members
----------  ----------- ---------- ----------- ----- -------
00000000    00000000    000029d8   000029d8    r-x
  00000000    00000000    0000026c   0000026c    r-- .intvecs
  0000026c    0000026c    00002620   00002620    r-x .text
  0000288c    0000288c    00000109   00000109    r-- .const
  00002998    00002998    00000040   00000040    r-- .cinit
20000000    20000000    00000ace   00000000    rw-
  20000000    20000000    0000026c   00000000    rw- .vtable
  20000270    20000270    00000800   00000000    rw- .stack
  20000a70    20000a70    00000058   00000000    rw- .bss
  20000ac8    20000ac8    00000006   00000000    rw- .data


SECTION ALLOCATION MAP

 output                                  attributes/
section   page    origin      length       input sections
--------  ----  ----------  ----------   ----------------
.intvecs   0    00000000    0000026c     
                  00000000    0000026c     tm4c123gh6pm_startup_ccs.obj (.intvecs)

.text      0    0000026c    00002620     
                  0000026c    00000a4e     rtsv7M4_T_le_v4SPD16_eabi.lib : _printfi.c.obj (.text:__TI_printfi)
                  00000cba    00000002                                   : div0.asm.obj (.text)
                  00000cbc    00000328     lcd.obj (.text)
                  00000fe4    00000270     rtsv7M4_T_le_v4SPD16_eabi.lib : _printfi.c.obj (.text:_pconv_a)
                  00001254    00000248     Timer.obj (.text)
                  0000149c    000001d0     rtsv7M4_T_le_v4SPD16_eabi.lib : _printfi.c.obj (.text:_pconv_g)
                  0000166c    000001b6                                   : fd_add_t2.asm.obj (.text)
                  00001822    00000002     --HOLE-- [fill = 0]
                  00001824    0000013c                                   : _printfi.c.obj (.text:_pconv_e)
                  00001960    0000013c     servo.obj (.text)
                  00001a9c    00000136     rtsv7M4_T_le_v4SPD16_eabi.lib : fd_div_t2.asm.obj (.text)
                  00001bd2    00000002     --HOLE-- [fill = 0]
                  00001bd4    00000124                                   : _printfi.c.obj (.text:fcvt)
                  00001cf8    00000110                                   : s_scalbn.c.obj (.text:scalbn)
                  00001e08    000000fc                                   : fd_mul_t2.asm.obj (.text)
                  00001f04    000000b1                                   : _printfi.c.obj (.text:_ltostr)
                  00001fb5    00000001     --HOLE-- [fill = 0]
                  00001fb6    0000009c                                   : memcpy_t2.asm.obj (.text)
                  00002052    00000096                                   : ull_div_t2.asm.obj (.text)
                  000020e8    00000090     button.obj (.text)
                  00002178    00000086     rtsv7M4_T_le_v4SPD16_eabi.lib : fd_cmp_t2.asm.obj (.text:__aeabi_cdcmple)
                  000021fe    00000086                                   : fd_cmp_t2.asm.obj (.text:__aeabi_cdrcmple)
                  00002284    0000007a                                   : memset_t2.asm.obj (.text)
                  000022fe    0000006e                                   : _printfi.c.obj (.text:_mcpy)
                  0000236c    00000068                                   : copy_decompress_lzss.c.obj (.text:decompress:lzss:__TI_decompress_lzss)
                  000023d4    00000064                                   : s_frexp.c.obj (.text:frexp)
                  00002438    00000056                                   : _printfi.c.obj (.text:_pconv_f)
                  0000248e    00000054                                   : _ltoa.c.obj (.text:__TI_ltoa)
                  000024e2    00000052                                   : _printfi.c.obj (.text:_ecpy)
                  00002534    0000004c                                   : atoi.c.obj (.text:atoi)
                  00002580    00000048                                   : fd_toi_t2.asm.obj (.text)
                  000025c8    00000044                                   : autoinit.c.obj (.text:__TI_auto_init_nobinit_nopinit:__TI_auto_init_nobinit_nopinit)
                  0000260c    00000040                                   : vsnprintf.c.obj (.text:vsnprintf)
                  0000264c    0000003e                                   : _printfi.c.obj (.text:_fcpy)
                  0000268a    00000002     --HOLE-- [fill = 0]
                  0000268c    00000034     driverlib.lib : interrupt.obj (.text:IntRegister)
                  000026c0    00000034     rtsv7M4_T_le_v4SPD16_eabi.lib : boot_cortex_m.c.obj (.text:_c_int00_noargs:_c_int00_noargs)
                  000026f4    00000030                                   : vsnprintf.c.obj (.text:_outs)
                  00002724    0000002e     main.obj (.text)
                  00002752    0000002e     rtsv7M4_T_le_v4SPD16_eabi.lib : i_tofd_t2.asm.obj (.text)
                  00002780    0000001c                                   : copy_zero_init.c.obj (.text:decompress:ZI:__TI_zero_init_nomemset:__TI_zero_init_nomemset)
                  0000279c    0000001c                                   : memccpy.c.obj (.text:memccpy)
                  000027b8    0000001a                                   : s_copysign.c.obj (.text:copysign)
                  000027d2    00000018                                   : vsnprintf.c.obj (.text:_outc)
                  000027ea    00000018                                   : strcmp.c.obj (.text:strcmp)
                  00002802    00000016                                   : strchr.c.obj (.text:strchr)
                  00002818    00000014                                   : strcpy.c.obj (.text:strcpy)
                  0000282c    00000014                                   : strlen.c.obj (.text:strlen)
                  00002840    00000012                                   : wcslen.c.obj (.text:wcslen)
                  00002852    00000010     lcd.obj (.text:lcd_clear)
                  00002862    0000000e     rtsv7M4_T_le_v4SPD16_eabi.lib : copy_decompress_none.c.obj (.text:decompress:none:__TI_decompress_none)
                  00002870    0000000c     tm4c123gh6pm_startup_ccs.obj (.text)
                  0000287c    00000008     rtsv7M4_T_le_v4SPD16_eabi.lib : errno.c.obj (.text:__aeabi_errno_addr)
                  00002884    00000004                                   : pre_init.c.obj (.text:_system_pre_init)
                  00002888    00000004                                   : exit.c.obj (.text:abort:abort)

.const     0    0000288c    00000109     
                  0000288c    00000101     rtsv7M4_T_le_v4SPD16_eabi.lib : ctype.c.obj (.const:.string:_ctypes_)
                  0000298d    00000004     lcd.obj (.const:.string:lineAddress$1)
                  00002991    00000004     lcd.obj (.const:.string:lineAddresses$2)

.cinit     0    00002998    00000040     
                  00002998    0000000c     (__TI_handler_table)
                  000029a4    00000004     --HOLE-- [fill = 0]
                  000029a8    00000008     (.cinit..bss.load) [load image, compression = zero_init]
                  000029b0    00000008     (.cinit..vtable.load) [load image, compression = zero_init]
                  000029b8    00000007     (.cinit..data.load) [load image, compression = lzss]
                  000029bf    00000001     --HOLE-- [fill = 0]
                  000029c0    00000018     (__TI_cinit_table)

.init_array 
*          0    00000000    00000000     UNINITIALIZED

.vtable    0    20000000    0000026c     UNINITIALIZED
                  20000000    0000026c     driverlib.lib : interrupt.obj (.vtable)

.bss       0    20000a70    00000058     UNINITIALIZED
                  20000a70    00000054     lcd.obj (.bss:lastbuffer$3)
                  20000ac4    00000004     (.common:_timeout_ticks)

.data      0    20000ac8    00000006     UNINITIALIZED
                  20000ac8    00000004     rtsv7M4_T_le_v4SPD16_eabi.lib : errno.c.obj (.data)
                  20000acc    00000001     Timer.obj (.data)
                  20000acd    00000001     button.obj (.data)

.stack     0    20000270    00000800     UNINITIALIZED
                  20000270    00000004     rtsv7M4_T_le_v4SPD16_eabi.lib : boot_cortex_m.c.obj (.stack)
                  20000274    000007fc     --HOLE--

__llvm_prf_cnts 
*          0    20000000    00000000     UNINITIALIZED

MODULE SUMMARY

       Module                         code   ro data   rw data
       ------                         ----   -------   -------
    .\
       lcd.obj                        824    8         84     
       tm4c123gh6pm_startup_ccs.obj   12     620       0      
       Timer.obj                      584    0         5      
       servo.obj                      316    0         0      
       button.obj                     144    0         1      
       main.obj                       46     0         0      
    +--+------------------------------+------+---------+---------+
       Total:                         1926   628       90     
                                                              
    C:/ti/TivaWare_C_Series-2.2.0.295/driverlib/ccs/Debug/driverlib.lib
       interrupt.obj                  52     0         620    
    +--+------------------------------+------+---------+---------+
       Total:                         52     0         620    
                                                              
    C:\ti\ccs1230\ccs\tools\compiler\ti-cgt-arm_20.2.7.LTS\lib\rtsv7M4_T_le_v4SPD16_eabi.lib
       _printfi.c.obj                 4851   0         0      
       fd_add_t2.asm.obj              438    0         0      
       fd_div_t2.asm.obj              310    0         0      
       s_scalbn.c.obj                 272    0         0      
       fd_cmp_t2.asm.obj              268    0         0      
       ctype.c.obj                    0      257       0      
       fd_mul_t2.asm.obj              252    0         0      
       memcpy_t2.asm.obj              156    0         0      
       ull_div_t2.asm.obj             150    0         0      
       vsnprintf.c.obj                136    0         0      
       memset_t2.asm.obj              122    0         0      
       copy_decompress_lzss.c.obj     104    0         0      
       s_frexp.c.obj                  100    0         0      
       _ltoa.c.obj                    84     0         0      
       atoi.c.obj                     76     0         0      
       fd_toi_t2.asm.obj              72     0         0      
       autoinit.c.obj                 68     0         0      
       boot_cortex_m.c.obj            52     0         0      
       i_tofd_t2.asm.obj              46     0         0      
       copy_zero_init.c.obj           28     0         0      
       memccpy.c.obj                  28     0         0      
       s_copysign.c.obj               26     0         0      
       strcmp.c.obj                   24     0         0      
       strchr.c.obj                   22     0         0      
       strcpy.c.obj                   20     0         0      
       strlen.c.obj                   20     0         0      
       wcslen.c.obj                   18     0         0      
       copy_decompress_none.c.obj     14     0         0      
       errno.c.obj                    8      0         4      
       exit.c.obj                     4      0         0      
       pre_init.c.obj                 4      0         0      
       div0.asm.obj                   2      0         0      
    +--+------------------------------+------+---------+---------+
       Total:                         7775   257       4      
                                                              
       Stack:                         0      0         2048   
       Linker Generated:              0      59        0      
    +--+------------------------------+------+---------+---------+
       Grand Total:                   9753   944       2762   


LINKER GENERATED COPY TABLES

__TI_cinit_table @ 000029c0 records: 3, size/record: 8, table size: 24
	.bss: load addr=000029a8, load size=00000008 bytes, run addr=20000a70, run size=00000058 bytes, compression=zero_init
	.vtable: load addr=000029b0, load size=00000008 bytes, run addr=20000000, run size=0000026c bytes, compression=zero_init
	.data: load addr=000029b8, load size=00000007 bytes, run addr=20000ac8, run size=00000006 bytes, compression=lzss


LINKER GENERATED HANDLER TABLE

__TI_handler_table @ 00002998 records: 3, size/record: 4, table size: 12
	index: 0, handler: __TI_zero_init
	index: 1, handler: __TI_decompress_lzss
	index: 2, handler: __TI_decompress_none


GLOBAL SYMBOLS: SORTED ALPHABETICALLY BY Name 

address   name                          
-------   ----                          
00002889  C$$EXIT                       
0000268d  IntRegister                   
00002871  ResetISR                      
20000a70  __STACK_END                   
00000800  __STACK_SIZE                  
20000470  __STACK_TOP                   
000029c0  __TI_CINIT_Base               
000029d8  __TI_CINIT_Limit              
00002998  __TI_Handler_Table_Base       
000029a4  __TI_Handler_Table_Limit      
000025c9  __TI_auto_init_nobinit_nopinit
0000236d  __TI_decompress_lzss          
00002863  __TI_decompress_none          
0000248f  __TI_ltoa                     
ffffffff  __TI_pprof_out_hndl           
0000026d  __TI_printfi                  
ffffffff  __TI_prof_data_size           
ffffffff  __TI_prof_data_start          
00000000  __TI_static_base__            
00002781  __TI_zero_init_nomemset       
00002179  __aeabi_cdcmpeq               
00002179  __aeabi_cdcmple               
000021ff  __aeabi_cdrcmple              
00002581  __aeabi_d2iz                  
00001677  __aeabi_dadd                  
00001a9d  __aeabi_ddiv                  
00001e09  __aeabi_dmul                  
0000166d  __aeabi_dsub                  
0000287d  __aeabi_errno_addr            
00002753  __aeabi_i2d                   
00000cbb  __aeabi_idiv0                 
00000cbb  __aeabi_ldiv0                 
00002285  __aeabi_memclr                
00002285  __aeabi_memclr4               
00002285  __aeabi_memclr8               
00001fb7  __aeabi_memcpy                
00001fb7  __aeabi_memcpy4               
00001fb7  __aeabi_memcpy8               
00002287  __aeabi_memset                
00002287  __aeabi_memset4               
00002287  __aeabi_memset8               
00002053  __aeabi_uldivmod              
ffffffff  __binit__                     
ffffffff  __c_args__                    
UNDEFED   __mpu_init                    
20000270  __stack                       
20000000  __start___llvm_prf_cnts       
20000000  __stop___llvm_prf_cnts        
000026c1  _c_int00_noargs               
0000288c  _ctypes_                      
20000acc  _running                      
UNDEFED   _system_post_cinit            
00002885  _system_pre_init              
20000ac4  _timeout_ticks                
00002889  abort                         
00002535  atoi                          
ffffffff  binit                         
0000211d  button_getButton              
000020e9  button_init                   
000027b9  copysign                      
000027b9  copysignl                     
20000ac8  errno                         
000023d5  frexp                         
000023d5  frexpl                        
20000000  g_pfnRAMVectors               
00000000  g_pfnVectors                  
00002853  lcd_clear                     
00000e91  lcd_gotoLine                  
00000cf9  lcd_init                      
00000ef7  lcd_printf                    
00000db9  lcd_putc                      
00000df1  lcd_puts                      
00000cbd  lcd_reverseNibble             
00000e0f  lcd_sendCommand               
00000e4d  lcd_sendNibble                
00000eb9  lcd_setCursorPos              
00001cf9  ldexp                         
00001cf9  ldexpl                        
00002725  main                          
0000279d  memccpy                       
00001fb7  memcpy                        
0000228d  memset                        
00001cf9  scalbn                        
00001cf9  scalbnl                       
00001961  servo_init                    
00001a07  servo_move                    
00002803  strchr                        
000027eb  strcmp                        
00002819  strcpy                        
0000282d  strlen                        
00001373  timer_getMicros               
0000131b  timer_getMillis               
00001255  timer_init                    
000012f7  timer_pause                   
00001309  timer_resume                  
000012cd  timer_stop                    
000013cd  timer_waitMicros              
000013ff  timer_waitMillis              
0000260d  vsnprintf                     
00002841  wcslen                        


GLOBAL SYMBOLS: SORTED BY Symbol Address 

address   name                          
-------   ----                          
00000000  __TI_static_base__            
00000000  g_pfnVectors                  
0000026d  __TI_printfi                  
00000800  __STACK_SIZE                  
00000cbb  __aeabi_idiv0                 
00000cbb  __aeabi_ldiv0                 
00000cbd  lcd_reverseNibble             
00000cf9  lcd_init                      
00000db9  lcd_putc                      
00000df1  lcd_puts                      
00000e0f  lcd_sendCommand               
00000e4d  lcd_sendNibble                
00000e91  lcd_gotoLine                  
00000eb9  lcd_setCursorPos              
00000ef7  lcd_printf                    
00001255  timer_init                    
000012cd  timer_stop                    
000012f7  timer_pause                   
00001309  timer_resume                  
0000131b  timer_getMillis               
00001373  timer_getMicros               
000013cd  timer_waitMicros              
000013ff  timer_waitMillis              
0000166d  __aeabi_dsub                  
00001677  __aeabi_dadd                  
00001961  servo_init                    
00001a07  servo_move                    
00001a9d  __aeabi_ddiv                  
00001cf9  ldexp                         
00001cf9  ldexpl                        
00001cf9  scalbn                        
00001cf9  scalbnl                       
00001e09  __aeabi_dmul                  
00001fb7  __aeabi_memcpy                
00001fb7  __aeabi_memcpy4               
00001fb7  __aeabi_memcpy8               
00001fb7  memcpy                        
00002053  __aeabi_uldivmod              
000020e9  button_init                   
0000211d  button_getButton              
00002179  __aeabi_cdcmpeq               
00002179  __aeabi_cdcmple               
000021ff  __aeabi_cdrcmple              
00002285  __aeabi_memclr                
00002285  __aeabi_memclr4               
00002285  __aeabi_memclr8               
00002287  __aeabi_memset                
00002287  __aeabi_memset4               
00002287  __aeabi_memset8               
0000228d  memset                        
0000236d  __TI_decompress_lzss          
000023d5  frexp                         
000023d5  frexpl                        
0000248f  __TI_ltoa                     
00002535  atoi                          
00002581  __aeabi_d2iz                  
000025c9  __TI_auto_init_nobinit_nopinit
0000260d  vsnprintf                     
0000268d  IntRegister                   
000026c1  _c_int00_noargs               
00002725  main                          
00002753  __aeabi_i2d                   
00002781  __TI_zero_init_nomemset       
0000279d  memccpy                       
000027b9  copysign                      
000027b9  copysignl                     
000027eb  strcmp                        
00002803  strchr                        
00002819  strcpy                        
0000282d  strlen                        
00002841  wcslen                        
00002853  lcd_clear                     
00002863  __TI_decompress_none          
00002871  ResetISR                      
0000287d  __aeabi_errno_addr            
00002885  _system_pre_init              
00002889  C$$EXIT                       
00002889  abort                         
0000288c  _ctypes_                      
00002998  __TI_Handler_Table_Base       
000029a4  __TI_Handler_Table_Limit      
000029c0  __TI_CINIT_Base               
000029d8  __TI_CINIT_Limit              
20000000  __start___llvm_prf_cnts       
20000000  __stop___llvm_prf_cnts        
20000000  g_pfnRAMVectors               
20000270  __stack                       
20000470  __STACK_TOP                   
20000a70  __STACK_END                   
20000ac4  _timeout_ticks                
20000ac8  errno                         
20000acc  _running                      
ffffffff  __TI_pprof_out_hndl           
ffffffff  __TI_prof_data_size           
ffffffff  __TI_prof_data_start          
ffffffff  __binit__                     
ffffffff  __c_args__                    
ffffffff  binit                         
UNDEFED   __mpu_init                    
UNDEFED   _system_post_cinit            

[100 symbols]
